// Jest Snapshot v1, https://goo.gl/fbAQLP

exports[`Search Component should match snapshot 1`] = `
<div
  className="container"
>
  <div
    className="row"
  >
    <div
      className="col-lg-12"
    >
      <div
        className="searchContainer"
      >
        <div
          className="input-group mb-3"
        >
          <input
            className="form-control"
            name="filter"
            onChange={[Function]}
            placeholder="Search by user"
            type="text"
            value=""
          />
          <div
            className="input-group-append"
          >
            <button
              className="btn btn-primary"
              onClick={[Function]}
              type="button"
            >
              Search
            </button>
          </div>
        </div>
      </div>
    </div>
  </div>
  
</div>
`;
